TypeError: fetch failed
    at node:internal/deps/undici/undici:16416:13
    at process.processTicksAndRejections (node:internal/process/task_queues:103:5)
    at async _handleRequest (c:\Users\Luciano\Desktop\EASY AGENDA\backend\node_modules\@supabase\auth-js\dist\main\lib\fetch.js:101:18)
    at async _request (c:\Users\Luciano\Desktop\EASY AGENDA\backend\node_modules\@supabase\auth-js\dist\main\lib\fetch.js:91:18)
    at async c:\Users\Luciano\Desktop\EASY AGENDA\backend\node_modules\@supabase\auth-js\dist\main\GoTrueClient.js:3729:24
    at async c:\Users\Luciano\Desktop\EASY AGENDA\backend\node_modules\@supabase\auth-js\dist\main\lib\helpers.js:207:36 {
  [cause]: Error: getaddrinfo ENOTFOUND uzaumntrowwbkakphrvi.supabase.co
      at GetAddrInfoReqWrap.onlookupall [as oncomplete] (node:dns:121:26) {
    errno: -3008,
    code: 'ENOTFOUND',
    syscall: 'getaddrinfo',
    hostname: 'uzaumntrowwbkakphrvi.supabase.co'
  }
}
TypeError: fetch failed
    at node:internal/deps/undici/undici:16416:13
    at process.processTicksAndRejections (node:internal/process/task_queues:103:5)
    at async _handleRequest (c:\Users\Luciano\Desktop\EASY AGENDA\backend\node_modules\@supabase\auth-js\dist\main\lib\fetch.js:101:18)
    at async _request (c:\Users\Luciano\Desktop\EASY AGENDA\backend\node_modules\@supabase\auth-js\dist\main\lib\fetch.js:91:18)
    at async c:\Users\Luciano\Desktop\EASY AGENDA\backend\node_modules\@supabase\auth-js\dist\main\GoTrueClient.js:3729:24
    at async c:\Users\Luciano\Desktop\EASY AGENDA\backend\node_modules\@supabase\auth-js\dist\main\lib\helpers.js:207:36 {
  [cause]: Error: getaddrinfo ENOTFOUND uzaumntrowwbkakphrvi.supabase.co
      at GetAddrInfoReqWrap.onlookupall [as oncomplete] (node:dns:121:26) {
    errno: -3008,
    code: 'ENOTFOUND',
    syscall: 'getaddrinfo',
    hostname: 'uzaumntrowwbkakphrvi.supabase.co'
  }
}
TypeError: fetch failed
    at node:internal/deps/undici/undici:16416:13
    at process.processTicksAndRejections (node:internal/process/task_queues:103:5)
    at async _handleRequest (c:\Users\Luciano\Desktop\EASY AGENDA\backend\node_modules\@supabase\auth-js\dist\main\lib\fetch.js:101:18)
    at async _request (c:\Users\Luciano\Desktop\EASY AGENDA\backend\node_modules\@supabase\auth-js\dist\main\lib\fetch.js:91:18)
    at async c:\Users\Luciano\Desktop\EASY AGENDA\backend\node_modules\@supabase\auth-js\dist\main\GoTrueClient.js:3729:24
    at async c:\Users\Luciano\Desktop\EASY AGENDA\backend\node_modules\@supabase\auth-js\dist\main\lib\helpers.js:207:36 {
  [cause]: Error: getaddrinfo ENOTFOUND uzaumntrowwbkakphrvi.supabase.co
      at GetAddrInfoReqWrap.onlookupall [as oncomplete] (node:dns:121:26) {
    errno: -3008,
    code: 'ENOTFOUND',
    syscall: 'getaddrinfo',
    hostname: 'uzaumntrowwbkakphrvi.supabase.co'
  }
}
TypeError: fetch failed
    at node:internal/deps/undici/undici:16416:13
    at process.processTicksAndRejections (node:internal/process/task_queues:103:5)
    at async _handleRequest (c:\Users\Luciano\Desktop\EASY AGENDA\backend\node_modules\@supabase\auth-js\dist\main\lib\fetch.js:101:18)
    at async _request (c:\Users\Luciano\Desktop\EASY AGENDA\backend\node_modules\@supabase\auth-js\dist\main\lib\fetch.js:91:18)
    at async c:\Users\Luciano\Desktop\EASY AGENDA\backend\node_modules\@supabase\auth-js\dist\main\GoTrueClient.js:3729:24
    at async c:\Users\Luciano\Desktop\EASY AGENDA\backend\node_modules\@supabase\auth-js\dist\main\lib\helpers.js:207:36 {
  [cause]: Error: getaddrinfo ENOTFOUND uzaumntrowwbkakphrvi.supabase.co
      at GetAddrInfoReqWrap.onlookupall [as oncomplete] (node:dns:121:26) {
    errno: -3008,
    code: 'ENOTFOUND',
    syscall: 'getaddrinfo',
    hostname: 'uzaumntrowwbkakphrvi.supabase.co'
  }
}
